TSFILE: D:/Learn_IT/FE/Chat-App/nestjs/dist/users/schemas/user.schema.js
TSFILE: D:/Learn_IT/FE/Chat-App/nestjs/dist/users/schemas/user.schema.js.map
TSFILE: D:/Learn_IT/FE/Chat-App/nestjs/dist/users/schemas/user.schema.d.ts
TSFILE: D:/Learn_IT/FE/Chat-App/nestjs/dist/users/users.service.js
TSFILE: D:/Learn_IT/FE/Chat-App/nestjs/dist/users/users.service.js.map
TSFILE: D:/Learn_IT/FE/Chat-App/nestjs/dist/users/users.service.d.ts
TSFILE: D:/Learn_IT/FE/Chat-App/nestjs/dist/auth/dto/register.dto.js
TSFILE: D:/Learn_IT/FE/Chat-App/nestjs/dist/auth/dto/register.dto.js.map
TSFILE: D:/Learn_IT/FE/Chat-App/nestjs/dist/auth/dto/register.dto.d.ts
TSFILE: D:/Learn_IT/FE/Chat-App/nestjs/dist/auth/dto/login.dto.js
TSFILE: D:/Learn_IT/FE/Chat-App/nestjs/dist/auth/dto/login.dto.js.map
TSFILE: D:/Learn_IT/FE/Chat-App/nestjs/dist/auth/dto/login.dto.d.ts
TSFILE: D:/Learn_IT/FE/Chat-App/nestjs/dist/auth/auth.service.js
TSFILE: D:/Learn_IT/FE/Chat-App/nestjs/dist/auth/auth.service.js.map
TSFILE: D:/Learn_IT/FE/Chat-App/nestjs/dist/auth/auth.service.d.ts
TSFILE: D:/Learn_IT/FE/Chat-App/nestjs/dist/auth/guards/jwt-auth.guard.js
TSFILE: D:/Learn_IT/FE/Chat-App/nestjs/dist/auth/guards/jwt-auth.guard.js.map
TSFILE: D:/Learn_IT/FE/Chat-App/nestjs/dist/auth/guards/jwt-auth.guard.d.ts
TSFILE: D:/Learn_IT/FE/Chat-App/nestjs/dist/auth/auth.controller.js
TSFILE: D:/Learn_IT/FE/Chat-App/nestjs/dist/auth/auth.controller.js.map
TSFILE: D:/Learn_IT/FE/Chat-App/nestjs/dist/auth/auth.controller.d.ts
TSFILE: D:/Learn_IT/FE/Chat-App/nestjs/dist/users/users.module.js
TSFILE: D:/Learn_IT/FE/Chat-App/nestjs/dist/users/users.module.js.map
TSFILE: D:/Learn_IT/FE/Chat-App/nestjs/dist/users/users.module.d.ts
TSFILE: D:/Learn_IT/FE/Chat-App/nestjs/dist/auth/strategies/jwt.strategy.js
TSFILE: D:/Learn_IT/FE/Chat-App/nestjs/dist/auth/strategies/jwt.strategy.js.map
TSFILE: D:/Learn_IT/FE/Chat-App/nestjs/dist/auth/strategies/jwt.strategy.d.ts
TSFILE: D:/Learn_IT/FE/Chat-App/nestjs/dist/auth/auth.module.js
TSFILE: D:/Learn_IT/FE/Chat-App/nestjs/dist/auth/auth.module.js.map
TSFILE: D:/Learn_IT/FE/Chat-App/nestjs/dist/auth/auth.module.d.ts
TSFILE: D:/Learn_IT/FE/Chat-App/nestjs/dist/chat/schemas/conversation.schema.js
TSFILE: D:/Learn_IT/FE/Chat-App/nestjs/dist/chat/schemas/conversation.schema.js.map
TSFILE: D:/Learn_IT/FE/Chat-App/nestjs/dist/chat/schemas/conversation.schema.d.ts
TSFILE: D:/Learn_IT/FE/Chat-App/nestjs/dist/chat/schemas/message.schema.js
TSFILE: D:/Learn_IT/FE/Chat-App/nestjs/dist/chat/schemas/message.schema.js.map
TSFILE: D:/Learn_IT/FE/Chat-App/nestjs/dist/chat/schemas/message.schema.d.ts
TSFILE: D:/Learn_IT/FE/Chat-App/nestjs/dist/chat/chat.service.js
TSFILE: D:/Learn_IT/FE/Chat-App/nestjs/dist/chat/chat.service.js.map
TSFILE: D:/Learn_IT/FE/Chat-App/nestjs/dist/chat/chat.service.d.ts
TSFILE: D:/Learn_IT/FE/Chat-App/nestjs/dist/chat/dto/create-conversation.dto.js
TSFILE: D:/Learn_IT/FE/Chat-App/nestjs/dist/chat/dto/create-conversation.dto.js.map
TSFILE: D:/Learn_IT/FE/Chat-App/nestjs/dist/chat/dto/create-conversation.dto.d.ts
TSFILE: D:/Learn_IT/FE/Chat-App/nestjs/dist/chat/chat.controller.js
TSFILE: D:/Learn_IT/FE/Chat-App/nestjs/dist/chat/chat.controller.js.map
TSFILE: D:/Learn_IT/FE/Chat-App/nestjs/dist/chat/chat.controller.d.ts
TSFILE: D:/Learn_IT/FE/Chat-App/nestjs/dist/chat/dto/create-message.dto.js
TSFILE: D:/Learn_IT/FE/Chat-App/nestjs/dist/chat/dto/create-message.dto.js.map
TSFILE: D:/Learn_IT/FE/Chat-App/nestjs/dist/chat/dto/create-message.dto.d.ts
TSFILE: D:/Learn_IT/FE/Chat-App/nestjs/dist/chat/chat.gateway.js
TSFILE: D:/Learn_IT/FE/Chat-App/nestjs/dist/chat/chat.gateway.js.map
TSFILE: D:/Learn_IT/FE/Chat-App/nestjs/dist/chat/chat.gateway.d.ts
TSFILE: D:/Learn_IT/FE/Chat-App/nestjs/dist/chat/chat.module.js
TSFILE: D:/Learn_IT/FE/Chat-App/nestjs/dist/chat/chat.module.js.map
TSFILE: D:/Learn_IT/FE/Chat-App/nestjs/dist/chat/chat.module.d.ts
TSFILE: D:/Learn_IT/FE/Chat-App/nestjs/dist/app.module.js
TSFILE: D:/Learn_IT/FE/Chat-App/nestjs/dist/app.module.js.map
TSFILE: D:/Learn_IT/FE/Chat-App/nestjs/dist/app.module.d.ts
TSFILE: D:/Learn_IT/FE/Chat-App/nestjs/dist/main.js
TSFILE: D:/Learn_IT/FE/Chat-App/nestjs/dist/main.js.map
TSFILE: D:/Learn_IT/FE/Chat-App/nestjs/dist/main.d.ts
